running egg_info
writing ../../build/classification_topic/classification_topic.egg-info/PKG-INFO
writing dependency_links to ../../build/classification_topic/classification_topic.egg-info/dependency_links.txt
writing entry points to ../../build/classification_topic/classification_topic.egg-info/entry_points.txt
writing requirements to ../../build/classification_topic/classification_topic.egg-info/requires.txt
writing top-level names to ../../build/classification_topic/classification_topic.egg-info/top_level.txt
reading manifest file '../../build/classification_topic/classification_topic.egg-info/SOURCES.txt'
writing manifest file '../../build/classification_topic/classification_topic.egg-info/SOURCES.txt'
running build
running build_py
copying classification_topic/capture_sub.py -> /home/ubuntu/Desktop/48715638/comp8430_week11/build/classification_topic/build/lib/classification_topic
copying classification_topic/classification_sub.py -> /home/ubuntu/Desktop/48715638/comp8430_week11/build/classification_topic/build/lib/classification_topic
copying classification_topic/__init__.py -> /home/ubuntu/Desktop/48715638/comp8430_week11/build/classification_topic/build/lib/classification_topic
running install
running install_lib
copying /home/ubuntu/Desktop/48715638/comp8430_week11/build/classification_topic/build/lib/classification_topic/classification_sub.py -> /home/ubuntu/Desktop/48715638/comp8430_week11/install/classification_topic/lib/python3.10/site-packages/classification_topic
byte-compiling /home/ubuntu/Desktop/48715638/comp8430_week11/install/classification_topic/lib/python3.10/site-packages/classification_topic/classification_sub.py to classification_sub.cpython-310.pyc
running install_data
copying resource/classification_topic -> /home/ubuntu/Desktop/48715638/comp8430_week11/install/classification_topic/share/ament_index/resource_index/packages
copying package.xml -> /home/ubuntu/Desktop/48715638/comp8430_week11/install/classification_topic/share/classification_topic
running install_egg_info
removing '/home/ubuntu/Desktop/48715638/comp8430_week11/install/classification_topic/lib/python3.10/site-packages/classification_topic-0.0.0-py3.10.egg-info' (and everything under it)
Copying ../../build/classification_topic/classification_topic.egg-info to /home/ubuntu/Desktop/48715638/comp8430_week11/install/classification_topic/lib/python3.10/site-packages/classification_topic-0.0.0-py3.10.egg-info
running install_scripts
Installing capture_images script to /home/ubuntu/Desktop/48715638/comp8430_week11/install/classification_topic/lib/classification_topic
Installing classification_subscriber script to /home/ubuntu/Desktop/48715638/comp8430_week11/install/classification_topic/lib/classification_topic
writing list of installed files to '/home/ubuntu/Desktop/48715638/comp8430_week11/build/classification_topic/install.log'
