[6.121s] Invoking command in '/home/ubuntu/Desktop/48715638/comp8430_week11/src/classification_topic': PYTHONPATH=/home/ubuntu/Desktop/48715638/comp8430_week11/build/classification_topic/prefix_override:/home/ubuntu/Desktop/48715638/comp8430_week11/install/classification_topic/lib/python3.10/site-packages:${PYTHONPATH} /usr/bin/python3 -W ignore:setup.py install is deprecated setup.py egg_info --egg-base ../../build/classification_topic build --build-base /home/ubuntu/Desktop/48715638/comp8430_week11/build/classification_topic/build install --record /home/ubuntu/Desktop/48715638/comp8430_week11/build/classification_topic/install.log --single-version-externally-managed install_data
[7.258s] running egg_info
[7.311s] writing ../../build/classification_topic/classification_topic.egg-info/PKG-INFO
[7.313s] writing dependency_links to ../../build/classification_topic/classification_topic.egg-info/dependency_links.txt
[7.314s] writing entry points to ../../build/classification_topic/classification_topic.egg-info/entry_points.txt
[7.316s] writing requirements to ../../build/classification_topic/classification_topic.egg-info/requires.txt
[7.322s] writing top-level names to ../../build/classification_topic/classification_topic.egg-info/top_level.txt
[7.513s] reading manifest file '../../build/classification_topic/classification_topic.egg-info/SOURCES.txt'
[7.518s] writing manifest file '../../build/classification_topic/classification_topic.egg-info/SOURCES.txt'
[7.519s] running build
[7.519s] running build_py
[7.519s] copying classification_topic/classification_sub.py -> /home/ubuntu/Desktop/48715638/comp8430_week11/build/classification_topic/build/lib/classification_topic
[7.523s] copying classification_topic/capture_images.py -> /home/ubuntu/Desktop/48715638/comp8430_week11/build/classification_topic/build/lib/classification_topic
[7.523s] copying classification_topic/__init__.py -> /home/ubuntu/Desktop/48715638/comp8430_week11/build/classification_topic/build/lib/classification_topic
[7.528s] running install
[7.568s] running install_lib
[7.666s] copying /home/ubuntu/Desktop/48715638/comp8430_week11/build/classification_topic/build/lib/classification_topic/classification_sub.py -> /home/ubuntu/Desktop/48715638/comp8430_week11/install/classification_topic/lib/python3.10/site-packages/classification_topic
[7.672s] byte-compiling /home/ubuntu/Desktop/48715638/comp8430_week11/install/classification_topic/lib/python3.10/site-packages/classification_topic/classification_sub.py to classification_sub.cpython-310.pyc
[7.680s] running install_data
[7.681s] copying resource/classification_topic -> /home/ubuntu/Desktop/48715638/comp8430_week11/install/classification_topic/share/ament_index/resource_index/packages
[7.683s] copying package.xml -> /home/ubuntu/Desktop/48715638/comp8430_week11/install/classification_topic/share/classification_topic
[7.684s] running install_egg_info
[7.771s] removing '/home/ubuntu/Desktop/48715638/comp8430_week11/install/classification_topic/lib/python3.10/site-packages/classification_topic-0.0.0-py3.10.egg-info' (and everything under it)
[7.773s] Copying ../../build/classification_topic/classification_topic.egg-info to /home/ubuntu/Desktop/48715638/comp8430_week11/install/classification_topic/lib/python3.10/site-packages/classification_topic-0.0.0-py3.10.egg-info
[7.779s] running install_scripts
[8.455s] Installing capture_images script to /home/ubuntu/Desktop/48715638/comp8430_week11/install/classification_topic/lib/classification_topic
[8.457s] Installing classification_subscriber script to /home/ubuntu/Desktop/48715638/comp8430_week11/install/classification_topic/lib/classification_topic
[8.463s] writing list of installed files to '/home/ubuntu/Desktop/48715638/comp8430_week11/build/classification_topic/install.log'
[8.685s] Invoked command in '/home/ubuntu/Desktop/48715638/comp8430_week11/src/classification_topic' returned '0': PYTHONPATH=/home/ubuntu/Desktop/48715638/comp8430_week11/build/classification_topic/prefix_override:/home/ubuntu/Desktop/48715638/comp8430_week11/install/classification_topic/lib/python3.10/site-packages:${PYTHONPATH} /usr/bin/python3 -W ignore:setup.py install is deprecated setup.py egg_info --egg-base ../../build/classification_topic build --build-base /home/ubuntu/Desktop/48715638/comp8430_week11/build/classification_topic/build install --record /home/ubuntu/Desktop/48715638/comp8430_week11/build/classification_topic/install.log --single-version-externally-managed install_data
