[5.729s] Invoking command in '/home/ubuntu/Desktop/48715638/comp8430_week11/src/classification_topic': PYTHONPATH=/home/ubuntu/Desktop/48715638/comp8430_week11/build/classification_topic/prefix_override:/home/ubuntu/Desktop/48715638/comp8430_week11/install/classification_topic/lib/python3.10/site-packages:${PYTHONPATH} /usr/bin/python3 -W ignore:setup.py install is deprecated setup.py egg_info --egg-base ../../build/classification_topic build --build-base /home/ubuntu/Desktop/48715638/comp8430_week11/build/classification_topic/build install --record /home/ubuntu/Desktop/48715638/comp8430_week11/build/classification_topic/install.log --single-version-externally-managed install_data
[6.993s] running egg_info
[6.994s] creating ../../build/classification_topic/classification_topic.egg-info
[7.069s] writing ../../build/classification_topic/classification_topic.egg-info/PKG-INFO
[7.070s] writing dependency_links to ../../build/classification_topic/classification_topic.egg-info/dependency_links.txt
[7.071s] writing entry points to ../../build/classification_topic/classification_topic.egg-info/entry_points.txt
[7.071s] writing requirements to ../../build/classification_topic/classification_topic.egg-info/requires.txt
[7.072s] writing top-level names to ../../build/classification_topic/classification_topic.egg-info/top_level.txt
[7.072s] writing manifest file '../../build/classification_topic/classification_topic.egg-info/SOURCES.txt'
[7.245s] reading manifest file '../../build/classification_topic/classification_topic.egg-info/SOURCES.txt'
[7.248s] writing manifest file '../../build/classification_topic/classification_topic.egg-info/SOURCES.txt'
[7.249s] running build
[7.249s] running build_py
[7.249s] creating /home/ubuntu/Desktop/48715638/comp8430_week11/build/classification_topic/build
[7.249s] creating /home/ubuntu/Desktop/48715638/comp8430_week11/build/classification_topic/build/lib
[7.249s] creating /home/ubuntu/Desktop/48715638/comp8430_week11/build/classification_topic/build/lib/classification_topic
[7.250s] copying classification_topic/capture_sub.py -> /home/ubuntu/Desktop/48715638/comp8430_week11/build/classification_topic/build/lib/classification_topic
[7.251s] copying classification_topic/classification_sub.py -> /home/ubuntu/Desktop/48715638/comp8430_week11/build/classification_topic/build/lib/classification_topic
[7.252s] copying classification_topic/__init__.py -> /home/ubuntu/Desktop/48715638/comp8430_week11/build/classification_topic/build/lib/classification_topic
[7.253s] running install
[7.271s] running install_lib
[7.350s] creating /home/ubuntu/Desktop/48715638/comp8430_week11/install/classification_topic/lib/python3.10/site-packages/classification_topic
[7.352s] copying /home/ubuntu/Desktop/48715638/comp8430_week11/build/classification_topic/build/lib/classification_topic/capture_sub.py -> /home/ubuntu/Desktop/48715638/comp8430_week11/install/classification_topic/lib/python3.10/site-packages/classification_topic
[7.352s] copying /home/ubuntu/Desktop/48715638/comp8430_week11/build/classification_topic/build/lib/classification_topic/classification_sub.py -> /home/ubuntu/Desktop/48715638/comp8430_week11/install/classification_topic/lib/python3.10/site-packages/classification_topic
[7.352s] copying /home/ubuntu/Desktop/48715638/comp8430_week11/build/classification_topic/build/lib/classification_topic/__init__.py -> /home/ubuntu/Desktop/48715638/comp8430_week11/install/classification_topic/lib/python3.10/site-packages/classification_topic
[7.357s] byte-compiling /home/ubuntu/Desktop/48715638/comp8430_week11/install/classification_topic/lib/python3.10/site-packages/classification_topic/capture_sub.py to capture_sub.cpython-310.pyc
[7.359s] byte-compiling /home/ubuntu/Desktop/48715638/comp8430_week11/install/classification_topic/lib/python3.10/site-packages/classification_topic/classification_sub.py to classification_sub.cpython-310.pyc
[7.360s] byte-compiling /home/ubuntu/Desktop/48715638/comp8430_week11/install/classification_topic/lib/python3.10/site-packages/classification_topic/__init__.py to __init__.cpython-310.pyc
[7.362s]   File "/home/ubuntu/Desktop/48715638/comp8430_week11/install/classification_topic/lib/python3.10/site-packages/classification_topic/classification_sub.py", line 17
[7.362s]     self.cam_subscription = self.create_subscription(Image, '/depth_cam/rgb/image_raw',w2 self.image_callback, 1)
[7.362s]                                                                                        ^^^^^^^^^^^^^^^^^^^^^^
[7.363s] SyntaxError: invalid syntax. Perhaps you forgot a comma?
[7.364s] 
[7.364s] running install_data
[7.365s] creating /home/ubuntu/Desktop/48715638/comp8430_week11/install/classification_topic/share/ament_index
[7.366s] creating /home/ubuntu/Desktop/48715638/comp8430_week11/install/classification_topic/share/ament_index/resource_index
[7.366s] creating /home/ubuntu/Desktop/48715638/comp8430_week11/install/classification_topic/share/ament_index/resource_index/packages
[7.366s] copying resource/classification_topic -> /home/ubuntu/Desktop/48715638/comp8430_week11/install/classification_topic/share/ament_index/resource_index/packages
[7.366s] copying package.xml -> /home/ubuntu/Desktop/48715638/comp8430_week11/install/classification_topic/share/classification_topic
[7.368s] running install_egg_info
[7.467s] Copying ../../build/classification_topic/classification_topic.egg-info to /home/ubuntu/Desktop/48715638/comp8430_week11/install/classification_topic/lib/python3.10/site-packages/classification_topic-0.0.0-py3.10.egg-info
[7.471s] running install_scripts
[8.189s] Installing capture_images script to /home/ubuntu/Desktop/48715638/comp8430_week11/install/classification_topic/lib/classification_topic
[8.189s] Installing classification_subscriber script to /home/ubuntu/Desktop/48715638/comp8430_week11/install/classification_topic/lib/classification_topic
[8.192s] writing list of installed files to '/home/ubuntu/Desktop/48715638/comp8430_week11/build/classification_topic/install.log'
[8.411s] Invoked command in '/home/ubuntu/Desktop/48715638/comp8430_week11/src/classification_topic' returned '0': PYTHONPATH=/home/ubuntu/Desktop/48715638/comp8430_week11/build/classification_topic/prefix_override:/home/ubuntu/Desktop/48715638/comp8430_week11/install/classification_topic/lib/python3.10/site-packages:${PYTHONPATH} /usr/bin/python3 -W ignore:setup.py install is deprecated setup.py egg_info --egg-base ../../build/classification_topic build --build-base /home/ubuntu/Desktop/48715638/comp8430_week11/build/classification_topic/build install --record /home/ubuntu/Desktop/48715638/comp8430_week11/build/classification_topic/install.log --single-version-externally-managed install_data
