[4.804s] Invoking command in '/home/ubuntu/Desktop/48715638/comp8430_week11/src/classification_topic': PYTHONPATH=/home/ubuntu/Desktop/48715638/comp8430_week11/build/classification_topic/prefix_override:/home/ubuntu/Desktop/48715638/comp8430_week11/install/classification_topic/lib/python3.10/site-packages:${PYTHONPATH} /usr/bin/python3 -W ignore:setup.py install is deprecated setup.py egg_info --egg-base ../../build/classification_topic build --build-base /home/ubuntu/Desktop/48715638/comp8430_week11/build/classification_topic/build install --record /home/ubuntu/Desktop/48715638/comp8430_week11/build/classification_topic/install.log --single-version-externally-managed install_data
[5.963s] running egg_info
[6.017s] writing ../../build/classification_topic/classification_topic.egg-info/PKG-INFO
[6.021s] writing dependency_links to ../../build/classification_topic/classification_topic.egg-info/dependency_links.txt
[6.022s] writing entry points to ../../build/classification_topic/classification_topic.egg-info/entry_points.txt
[6.024s] writing requirements to ../../build/classification_topic/classification_topic.egg-info/requires.txt
[6.024s] writing top-level names to ../../build/classification_topic/classification_topic.egg-info/top_level.txt
[6.138s] reading manifest file '../../build/classification_topic/classification_topic.egg-info/SOURCES.txt'
[6.142s] writing manifest file '../../build/classification_topic/classification_topic.egg-info/SOURCES.txt'
[6.143s] running build
[6.150s] running build_py
[6.155s] copying classification_topic/classification_sub.py -> /home/ubuntu/Desktop/48715638/comp8430_week11/build/classification_topic/build/lib/classification_topic
[6.155s] copying classification_topic/capture_images.py -> /home/ubuntu/Desktop/48715638/comp8430_week11/build/classification_topic/build/lib/classification_topic
[6.156s] copying classification_topic/__init__.py -> /home/ubuntu/Desktop/48715638/comp8430_week11/build/classification_topic/build/lib/classification_topic
[6.156s] running install
[6.159s] running install_lib
[6.217s] copying /home/ubuntu/Desktop/48715638/comp8430_week11/build/classification_topic/build/lib/classification_topic/capture_images.py -> /home/ubuntu/Desktop/48715638/comp8430_week11/install/classification_topic/lib/python3.10/site-packages/classification_topic
[6.218s] byte-compiling /home/ubuntu/Desktop/48715638/comp8430_week11/install/classification_topic/lib/python3.10/site-packages/classification_topic/capture_images.py to capture_images.cpython-310.pyc
[6.220s] running install_data
[6.223s] copying resource/classification_topic -> /home/ubuntu/Desktop/48715638/comp8430_week11/install/classification_topic/share/ament_index/resource_index/packages
[6.223s] copying package.xml -> /home/ubuntu/Desktop/48715638/comp8430_week11/install/classification_topic/share/classification_topic
[6.224s] running install_egg_info
[6.283s] removing '/home/ubuntu/Desktop/48715638/comp8430_week11/install/classification_topic/lib/python3.10/site-packages/classification_topic-0.0.0-py3.10.egg-info' (and everything under it)
[6.284s] Copying ../../build/classification_topic/classification_topic.egg-info to /home/ubuntu/Desktop/48715638/comp8430_week11/install/classification_topic/lib/python3.10/site-packages/classification_topic-0.0.0-py3.10.egg-info
[6.291s] running install_scripts
[6.838s] Installing capture_images script to /home/ubuntu/Desktop/48715638/comp8430_week11/install/classification_topic/lib/classification_topic
[6.838s] Installing classification_subscriber script to /home/ubuntu/Desktop/48715638/comp8430_week11/install/classification_topic/lib/classification_topic
[6.839s] writing list of installed files to '/home/ubuntu/Desktop/48715638/comp8430_week11/build/classification_topic/install.log'
[7.001s] Invoked command in '/home/ubuntu/Desktop/48715638/comp8430_week11/src/classification_topic' returned '0': PYTHONPATH=/home/ubuntu/Desktop/48715638/comp8430_week11/build/classification_topic/prefix_override:/home/ubuntu/Desktop/48715638/comp8430_week11/install/classification_topic/lib/python3.10/site-packages:${PYTHONPATH} /usr/bin/python3 -W ignore:setup.py install is deprecated setup.py egg_info --egg-base ../../build/classification_topic build --build-base /home/ubuntu/Desktop/48715638/comp8430_week11/build/classification_topic/build install --record /home/ubuntu/Desktop/48715638/comp8430_week11/build/classification_topic/install.log --single-version-externally-managed install_data
